kotlin version: 2.1.20
error message: Incremental compilation failed: Storage for [C:\Users\rk107\wellbeing_firebase\app\build\kotlin\kaptGenerateStubsDebugKotlin\cacheable\caches-jvm\jvm\kotlin\source-to-classes.tab] is already registered
java.lang.IllegalStateException: Storage for [C:\Users\rk107\wellbeing_firebase\app\build\kotlin\kaptGenerateStubsDebugKotlin\cacheable\caches-jvm\jvm\kotlin\source-to-classes.tab] is already registered
	at org.jetbrains.kotlin.com.intellij.util.io.FilePageCache.registerPagedFileStorage(FilePageCache.java:410)
	at org.jetbrains.kotlin.com.intellij.util.io.PagedFileStorage.<init>(PagedFileStorage.java:72)
	at org.jetbrains.kotlin.com.intellij.util.io.ResizeableMappedFile.<init>(ResizeableMappedFile.java:55)
	at org.jetbrains.kotlin.com.intellij.util.io.PersistentBTreeEnumerator.<init>(PersistentBTreeEnumerator.java:128)
	at org.jetbrains.kotlin.com.intellij.util.io.PersistentEnumerator.createDefaultEnumerator(PersistentEnumerator.java:52)
	at org.jetbrains.kotlin.com.intellij.util.io.PersistentMapImpl.<init>(PersistentMapImpl.java:165)
	at org.jetbrains.kotlin.com.intellij.util.io.PersistentMapImpl.<init>(PersistentMapImpl.java:140)
	at org.jetbrains.kotlin.com.intellij.util.io.PersistentMapBuilder.buildImplementation(PersistentMapBuilder.java:88)
	at org.jetbrains.kotlin.com.intellij.util.io.PersistentMapBuilder.build(PersistentMapBuilder.java:71)
	at org.jetbrains.kotlin.com.intellij.util.io.PersistentHashMap.<init>(PersistentHashMap.java:45)
	at org.jetbrains.kotlin.com.intellij.util.io.PersistentHashMap.<init>(PersistentHashMap.java:71)
	at org.jetbrains.kotlin.incremental.storage.LazyStorage.createMap(LazyStorage.kt:62)
	at org.jetbrains.kotlin.incremental.storage.LazyStorage.getStorageIfExists(LazyStorage.kt:53)
	at org.jetbrains.kotlin.incremental.storage.LazyStorage.get(LazyStorage.kt:76)
	at org.jetbrains.kotlin.incremental.storage.InMemoryStorage.get(InMemoryStorage.kt:68)
	at org.jetbrains.kotlin.incremental.storage.AppendableInMemoryStorage.get(InMemoryStorage.kt:155)
	at org.jetbrains.kotlin.incremental.storage.AppendableInMemoryStorage.get(InMemoryStorage.kt:147)
	at org.jetbrains.kotlin.incremental.storage.AppendableSetBasicMap.get(BasicMap.kt:137)
	at org.jetbrains.kotlin.incremental.storage.AbstractSourceToOutputMap.getFqNames(SourceToOutputMaps.kt:50)
	at org.jetbrains.kotlin.incremental.AbstractIncrementalCache.classesFqNamesBySources(AbstractIncrementalCache.kt:95)
	at org.jetbrains.kotlin.incremental.IncrementalCompilerRunner.getRemovedClassesChanges(IncrementalCompilerRunner.kt:637)
	at org.jetbrains.kotlin.incremental.IncrementalJvmCompilerRunner.calculateSourcesToCompileImpl(IncrementalJvmCompilerRunner.kt:276)
	at org.jetbrains.kotlin.incremental.IncrementalJvmCompilerRunner.calculateSourcesToCompile(IncrementalJvmCompilerRunner.kt:145)
	at org.jetbrains.kotlin.incremental.IncrementalJvmCompilerRunner.calculateSourcesToCompile(IncrementalJvmCompilerRunner.kt:75)
	at org.jetbrains.kotlin.incremental.IncrementalCompilerRunner.tryCompileIncrementally$lambda$10$compile(IncrementalCompilerRunner.kt:234)
	at org.jetbrains.kotlin.incremental.IncrementalCompilerRunner.tryCompileIncrementally(IncrementalCompilerRunner.kt:276)
	at org.jetbrains.kotlin.incremental.IncrementalCompilerRunner.compile(IncrementalCompilerRunner.kt:128)
	at org.jetbrains.kotlin.daemon.CompileServiceImplBase.execIncrementalCompiler(CompileServiceImpl.kt:678)
	at org.jetbrains.kotlin.daemon.CompileServiceImplBase.access$execIncrementalCompiler(CompileServiceImpl.kt:92)
	at org.jetbrains.kotlin.daemon.CompileServiceImpl.compile(CompileServiceImpl.kt:1805)
	at java.base/jdk.internal.reflect.NativeMethodAccessorImpl.invoke0(Native Method)
	at java.base/jdk.internal.reflect.NativeMethodAccessorImpl.invoke(NativeMethodAccessorImpl.java:77)
	at java.base/jdk.internal.reflect.DelegatingMethodAccessorImpl.invoke(DelegatingMethodAccessorImpl.java:43)
	at java.base/java.lang.reflect.Method.invoke(Method.java:569)
	at java.rmi/sun.rmi.server.UnicastServerRef.dispatch(UnicastServerRef.java:360)
	at java.rmi/sun.rmi.transport.Transport$1.run(Transport.java:200)
	at java.rmi/sun.rmi.transport.Transport$1.run(Transport.java:197)
	at java.base/java.security.AccessController.doPrivileged(AccessController.java:712)
	at java.rmi/sun.rmi.transport.Transport.serviceCall(Transport.java:196)
	at java.rmi/sun.rmi.transport.tcp.TCPTransport.handleMessages(TCPTransport.java:587)
	at java.rmi/sun.rmi.transport.tcp.TCPTransport$ConnectionHandler.run0(TCPTransport.java:828)
	at java.rmi/sun.rmi.transport.tcp.TCPTransport$ConnectionHandler.lambda$run$0(TCPTransport.java:705)
	at java.base/java.security.AccessController.doPrivileged(AccessController.java:399)
	at java.rmi/sun.rmi.transport.tcp.TCPTransport$ConnectionHandler.run(TCPTransport.java:704)
	at java.base/java.util.concurrent.ThreadPoolExecutor.runWorker(ThreadPoolExecutor.java:1136)
	at java.base/java.util.concurrent.ThreadPoolExecutor$Worker.run(ThreadPoolExecutor.java:635)
	at java.base/java.lang.Thread.run(Thread.java:840)
	Suppressed: java.lang.Exception: Storage[C:\Users\rk107\wellbeing_firebase\app\build\kotlin\kaptGenerateStubsDebugKotlin\cacheable\caches-jvm\jvm\kotlin\source-to-classes.tab] registration stack trace
		at org.jetbrains.kotlin.com.intellij.util.io.FilePageCache.registerPagedFileStorage(FilePageCache.java:437)
		... 46 more


error message: Daemon compilation failed: null
java.lang.Exception
	at org.jetbrains.kotlin.daemon.common.CompileService$CallResult$Error.get(CompileService.kt:69)
	at org.jetbrains.kotlin.daemon.common.CompileService$CallResult$Error.get(CompileService.kt:65)
	at org.jetbrains.kotlin.compilerRunner.GradleKotlinCompilerWork.compileWithDaemon(GradleKotlinCompilerWork.kt:240)
	at org.jetbrains.kotlin.compilerRunner.GradleKotlinCompilerWork.compileWithDaemonOrFallbackImpl(GradleKotlinCompilerWork.kt:159)
	at org.jetbrains.kotlin.compilerRunner.GradleKotlinCompilerWork.run(GradleKotlinCompilerWork.kt:111)
	at org.jetbrains.kotlin.compilerRunner.GradleCompilerRunnerWithWorkers$GradleKotlinCompilerWorkAction.execute(GradleCompilerRunnerWithWorkers.kt:76)
	at org.gradle.workers.internal.DefaultWorkerServer.execute(DefaultWorkerServer.java:68)
	at org.gradle.workers.internal.NoIsolationWorkerFactory$1$1.create(NoIsolationWorkerFactory.java:64)
	at org.gradle.workers.internal.NoIsolationWorkerFactory$1$1.create(NoIsolationWorkerFactory.java:61)
	at org.gradle.internal.classloader.ClassLoaderUtils.executeInClassloader(ClassLoaderUtils.java:102)
	at org.gradle.workers.internal.NoIsolationWorkerFactory$1.lambda$execute$0(NoIsolationWorkerFactory.java:61)
	at org.gradle.workers.internal.AbstractWorker$1.call(AbstractWorker.java:44)
	at org.gradle.workers.internal.AbstractWorker$1.call(AbstractWorker.java:41)
	at org.gradle.internal.operations.DefaultBuildOperationRunner$CallableBuildOperationWorker.execute(DefaultBuildOperationRunner.java:210)
	at org.gradle.internal.operations.DefaultBuildOperationRunner$CallableBuildOperationWorker.execute(DefaultBuildOperationRunner.java:205)
	at org.gradle.internal.operations.DefaultBuildOperationRunner$2.execute(DefaultBuildOperationRunner.java:67)
	at org.gradle.internal.operations.DefaultBuildOperationRunner$2.execute(DefaultBuildOperationRunner.java:60)
	at org.gradle.internal.operations.DefaultBuildOperationRunner.execute(DefaultBuildOperationRunner.java:167)
	at org.gradle.internal.operations.DefaultBuildOperationRunner.execute(DefaultBuildOperationRunner.java:60)
	at org.gradle.internal.operations.DefaultBuildOperationRunner.call(DefaultBuildOperationRunner.java:54)
	at org.gradle.workers.internal.AbstractWorker.executeWrappedInBuildOperation(AbstractWorker.java:41)
	at org.gradle.workers.internal.NoIsolationWorkerFactory$1.execute(NoIsolationWorkerFactory.java:58)
	at org.gradle.workers.internal.DefaultWorkerExecutor.lambda$submitWork$0(DefaultWorkerExecutor.java:176)
	at java.base/java.util.concurrent.FutureTask.run(FutureTask.java:264)
	at org.gradle.internal.work.DefaultConditionalExecutionQueue$ExecutionRunner.runExecution(DefaultConditionalExecutionQueue.java:194)
	at org.gradle.internal.work.DefaultConditionalExecutionQueue$ExecutionRunner.access$700(DefaultConditionalExecutionQueue.java:127)
	at org.gradle.internal.work.DefaultConditionalExecutionQueue$ExecutionRunner$1.run(DefaultConditionalExecutionQueue.java:169)
	at org.gradle.internal.Factories$1.create(Factories.java:30)
	at org.gradle.internal.work.DefaultWorkerLeaseService.lambda$withLocksAcquired$0(DefaultWorkerLeaseService.java:275)
	at org.gradle.internal.work.ResourceLockStatistics$1.measure(ResourceLockStatistics.java:43)
	at org.gradle.internal.work.DefaultWorkerLeaseService.withLocksAcquired(DefaultWorkerLeaseService.java:273)
	at org.gradle.internal.work.DefaultWorkerLeaseService.withLocks(DefaultWorkerLeaseService.java:265)
	at org.gradle.internal.work.DefaultWorkerLeaseService.runAsWorkerThread(DefaultWorkerLeaseService.java:128)
	at org.gradle.internal.work.DefaultWorkerLeaseService.runAsWorkerThread(DefaultWorkerLeaseService.java:133)
	at org.gradle.internal.work.DefaultConditionalExecutionQueue$ExecutionRunner.runBatch(DefaultConditionalExecutionQueue.java:164)
	at org.gradle.internal.work.DefaultConditionalExecutionQueue$ExecutionRunner.run(DefaultConditionalExecutionQueue.java:133)
	at java.base/java.util.concurrent.Executors$RunnableAdapter.call(Executors.java:539)
	at java.base/java.util.concurrent.FutureTask.run(FutureTask.java:264)
	at org.gradle.internal.concurrent.ExecutorPolicy$CatchAndRecordFailures.onExecute(ExecutorPolicy.java:64)
	at org.gradle.internal.concurrent.AbstractManagedExecutor$1.run(AbstractManagedExecutor.java:47)
	at java.base/java.util.concurrent.ThreadPoolExecutor.runWorker(ThreadPoolExecutor.java:1136)
	at java.base/java.util.concurrent.ThreadPoolExecutor$Worker.run(ThreadPoolExecutor.java:635)
	at java.base/java.lang.Thread.run(Thread.java:840)
Caused by: java.lang.AssertionError: Storage corrupted C:\Users\rk107\wellbeing_firebase\app\build\kotlin\kaptGenerateStubsDebugKotlin\cacheable\caches-jvm\jvm\kotlin\subtypes.tab_i
	at org.jetbrains.kotlin.com.intellij.openapi.diagnostic.DefaultLogger.error(DefaultLogger.java:83)
	at org.jetbrains.kotlin.com.intellij.openapi.diagnostic.Logger.error(Logger.java:436)
	at org.jetbrains.kotlin.com.intellij.util.io.PersistentEnumeratorBase.catchCorruption(PersistentEnumeratorBase.java:672)
	at org.jetbrains.kotlin.com.intellij.util.io.PersistentEnumeratorBase.doEnumerate(PersistentEnumeratorBase.java:265)
	at org.jetbrains.kotlin.com.intellij.util.io.PersistentEnumeratorBase.tryEnumerate(PersistentEnumeratorBase.java:256)
	at org.jetbrains.kotlin.com.intellij.util.io.PersistentMapImpl.doContainsMapping(PersistentMapImpl.java:731)
	at org.jetbrains.kotlin.com.intellij.util.io.PersistentMapImpl.containsKey(PersistentMapImpl.java:715)
	at org.jetbrains.kotlin.com.intellij.util.io.PersistentHashMap.containsMapping(PersistentHashMap.java:201)
	at org.jetbrains.kotlin.incremental.storage.LazyStorage.contains(LazyStorage.kt:72)
	at org.jetbrains.kotlin.incremental.storage.AppendableInMemoryStorage.append(InMemoryStorage.kt:169)
	at org.jetbrains.kotlin.incremental.storage.AppendableSetBasicMap.append(BasicMap.kt:162)
	at org.jetbrains.kotlin.incremental.AbstractIncrementalCache.addToClassStorage(AbstractIncrementalCache.kt:138)
	at org.jetbrains.kotlin.incremental.IncrementalJvmCache.saveClassToCache(IncrementalJvmCache.kt:193)
	at org.jetbrains.kotlin.incremental.IncrementalJvmCache.saveFileToCache(IncrementalJvmCache.kt:119)
	at org.jetbrains.kotlin.incremental.BuildUtilKt.updateIncrementalCache(buildUtil.kt:110)
	at org.jetbrains.kotlin.incremental.IncrementalJvmCompilerRunner.updateCaches(IncrementalJvmCompilerRunner.kt:374)
	at org.jetbrains.kotlin.incremental.IncrementalJvmCompilerRunner.updateCaches(IncrementalJvmCompilerRunner.kt:75)
	at org.jetbrains.kotlin.incremental.IncrementalCompilerRunner.doCompile(IncrementalCompilerRunner.kt:553)
	at org.jetbrains.kotlin.incremental.IncrementalCompilerRunner.compileImpl(IncrementalCompilerRunner.kt:431)
	at org.jetbrains.kotlin.incremental.IncrementalCompilerRunner.compileNonIncrementally(IncrementalCompilerRunner.kt:310)
	at org.jetbrains.kotlin.incremental.IncrementalCompilerRunner.compile(IncrementalCompilerRunner.kt:156)
	at org.jetbrains.kotlin.daemon.CompileServiceImplBase.execIncrementalCompiler(CompileServiceImpl.kt:678)
	at org.jetbrains.kotlin.daemon.CompileServiceImplBase.access$execIncrementalCompiler(CompileServiceImpl.kt:92)
	at org.jetbrains.kotlin.daemon.CompileServiceImpl.compile(CompileServiceImpl.kt:1805)
	at java.base/jdk.internal.reflect.NativeMethodAccessorImpl.invoke0(Native Method)
	at java.base/jdk.internal.reflect.NativeMethodAccessorImpl.invoke(NativeMethodAccessorImpl.java:77)
	at java.base/jdk.internal.reflect.DelegatingMethodAccessorImpl.invoke(DelegatingMethodAccessorImpl.java:43)
	at java.base/java.lang.reflect.Method.invoke(Method.java:569)
	at java.rmi/sun.rmi.server.UnicastServerRef.dispatch(UnicastServerRef.java:360)
	at java.rmi/sun.rmi.transport.Transport$1.run(Transport.java:200)
	at java.rmi/sun.rmi.transport.Transport$1.run(Transport.java:197)
	at java.base/java.security.AccessController.doPrivileged(AccessController.java:712)
	at java.rmi/sun.rmi.transport.Transport.serviceCall(Transport.java:196)
	at java.rmi/sun.rmi.transport.tcp.TCPTransport.handleMessages(TCPTransport.java:587)
	at java.rmi/sun.rmi.transport.tcp.TCPTransport$ConnectionHandler.run0(TCPTransport.java:828)
	at java.rmi/sun.rmi.transport.tcp.TCPTransport$ConnectionHandler.lambda$run$0(TCPTransport.java:705)
	at java.base/java.security.AccessController.doPrivileged(AccessController.java:399)
	at java.rmi/sun.rmi.transport.tcp.TCPTransport$ConnectionHandler.run(TCPTransport.java:704)
	... 3 more
	Suppressed: java.lang.AssertionError: java.lang.Exception: Could not close incremental caches in C:\Users\rk107\wellbeing_firebase\app\build\kotlin\kaptGenerateStubsDebugKotlin\cacheable\caches-jvm\lookups: lookups.tab
		at org.jetbrains.kotlin.com.google.common.io.Closer.close(Closer.java:218)
		at org.jetbrains.kotlin.incremental.IncrementalCachesManager.close(IncrementalCachesManager.kt:55)
		at kotlin.io.CloseableKt.closeFinally(Closeable.kt:49)
		at org.jetbrains.kotlin.incremental.IncrementalCompilerRunner.compileNonIncrementally(IncrementalCompilerRunner.kt:302)
		... 21 more
	Caused by: java.lang.Exception: Could not close incremental caches in C:\Users\rk107\wellbeing_firebase\app\build\kotlin\kaptGenerateStubsDebugKotlin\cacheable\caches-jvm\lookups: lookups.tab
		at org.jetbrains.kotlin.incremental.storage.BasicMapsOwner.forEachMapSafe(BasicMapsOwner.kt:95)
		at org.jetbrains.kotlin.incremental.storage.BasicMapsOwner.close(BasicMapsOwner.kt:53)
		at org.jetbrains.kotlin.incremental.LookupStorage.close(LookupStorage.kt:155)
		at org.jetbrains.kotlin.com.google.common.io.Closer.close(Closer.java:205)
		... 24 more
		Suppressed: java.lang.RuntimeException: java.io.IOException: writePrevChunkAddress:43384,589632,C:\Users\rk107\wellbeing_firebase\app\build\kotlin\kaptGenerateStubsDebugKotlin\cacheable\caches-jvm\lookups\lookups.tab.values
			at org.jetbrains.kotlin.com.intellij.util.io.PersistentMapImpl$2.onDropFromCache(PersistentMapImpl.java:313)
			at org.jetbrains.kotlin.com.intellij.util.io.PersistentMapImpl$2.onDropFromCache(PersistentMapImpl.java:267)
			at org.jetbrains.kotlin.com.intellij.util.containers.SLRUMap.lambda$new$0(SLRUMap.java:37)
			at org.jetbrains.kotlin.com.intellij.util.containers.LinkedCustomHashMap.put(LinkedCustomHashMap.java:137)
			at org.jetbrains.kotlin.com.intellij.util.containers.SLRUMap.put(SLRUMap.java:80)
			at org.jetbrains.kotlin.com.intellij.util.containers.SLRUCache.get(SLRUCache.java:36)
			at org.jetbrains.kotlin.com.intellij.util.io.PersistentMapImpl.doAppendData(PersistentMapImpl.java:540)
			at org.jetbrains.kotlin.com.intellij.util.io.PersistentMapImpl.appendData(PersistentMapImpl.java:514)
			at org.jetbrains.kotlin.com.intellij.util.io.PersistentHashMap.appendData(PersistentHashMap.java:140)
			at org.jetbrains.kotlin.incremental.storage.AppendableLazyStorage.append(LazyStorage.kt:128)
			at org.jetbrains.kotlin.incremental.storage.AppendableInMemoryStorage.applyChanges(InMemoryStorage.kt:176)
			at org.jetbrains.kotlin.incremental.storage.InMemoryStorage.close(InMemoryStorage.kt:136)
			at org.jetbrains.kotlin.incremental.storage.AppendableSetBasicMap.close(BasicMap.kt:157)
			at org.jetbrains.kotlin.incremental.storage.BasicMapsOwner$close$1.invoke(BasicMapsOwner.kt:53)
			at org.jetbrains.kotlin.incremental.storage.BasicMapsOwner$close$1.invoke(BasicMapsOwner.kt:53)
			at org.jetbrains.kotlin.incremental.storage.BasicMapsOwner.forEachMapSafe(BasicMapsOwner.kt:87)
			... 27 more
		Caused by: java.io.IOException: writePrevChunkAddress:43384,589632,C:\Users\rk107\wellbeing_firebase\app\build\kotlin\kaptGenerateStubsDebugKotlin\cacheable\caches-jvm\lookups\lookups.tab.values
			at org.jetbrains.kotlin.com.intellij.util.io.PersistentHashMapValueStorage.saveHeader(PersistentHashMapValueStorage.java:301)
			at org.jetbrains.kotlin.com.intellij.util.io.PersistentHashMapValueStorage.doAppendBytes(PersistentHashMapValueStorage.java:283)
			at org.jetbrains.kotlin.com.intellij.util.io.PersistentHashMapValueStorage.appendBytes(PersistentHashMapValueStorage.java:251)
			at org.jetbrains.kotlin.com.intellij.util.io.PersistentHashMapValueStorage.appendBytes(PersistentHashMapValueStorage.java:219)
			at org.jetbrains.kotlin.com.intellij.util.io.PersistentMapImpl$2.onDropFromCache(PersistentMapImpl.java:288)
			... 42 more
Caused by: org.jetbrains.kotlin.com.intellij.util.io.CorruptedException: Storage corrupted C:\Users\rk107\wellbeing_firebase\app\build\kotlin\kaptGenerateStubsDebugKotlin\cacheable\caches-jvm\jvm\kotlin\subtypes.tab_i
	at org.jetbrains.kotlin.com.intellij.util.io.IntToIntBtree$BtreeIndexNodeView.locate(IntToIntBtree.java:911)
	at org.jetbrains.kotlin.com.intellij.util.io.IntToIntBtree$BtreeIndexNodeView.access$100(IntToIntBtree.java:308)
	at org.jetbrains.kotlin.com.intellij.util.io.IntToIntBtree.get(IntToIntBtree.java:177)
	at org.jetbrains.kotlin.com.intellij.util.io.PersistentBTreeEnumerator.enumerateImpl(PersistentBTreeEnumerator.java:584)
	at org.jetbrains.kotlin.com.intellij.util.io.PersistentEnumeratorBase.lambda$doEnumerate$0(PersistentEnumeratorBase.java:266)
	at org.jetbrains.kotlin.com.intellij.util.io.PersistentEnumeratorBase.catchCorruption(PersistentEnumeratorBase.java:654)
	... 38 more


